
[TestGenerateOCR3Config - 1]
{
 "F": 1,
 "OffchainConfig": "<nonemptyvalue>",
 "OffchainConfigVersion": 30,
 "OnchainConfig": "0x",
 "Signers": [
  "0xbB9dA64fEfbAe323B45Ec98970863279824cf08D",
  "0x26F04f488F6383Cd4099b7aEF16c0DC2e553aDDA",
  "0xD754a628C5B34D027e4ccd8d90B54b9403A9B5f2",
  "0xe366aEd6fe28F47cC2c463Cda40d4BB8573e15D4",
  "0x405Aeb4fa9359A7338217bFc4Fdc77C886A6a6Ee"
 ],
 "Transmitters": [
  "0x9DfB1E962Fc6363087fB60A131aba2b7884dAD97",
  "0x367764B5640E691bbeB99Ff14dEc4EA02421fFd9",
  "0x4CC725F1b7a23BC42658cce5c40A0ec3C7f3c925",
  "0x5323547CdBb450725c59626A1A6C5608C5c1Ea07",
  "0x16d9BbC5e927053697771AF7d7a003FE7b60B61E"
 ]
}
---
